// Jest Snapshot v1, https://goo.gl/fbAQLP

exports[`Testes para o componente <Button /> Teste de snapshot Deve manter o snapshot do Button 1`] = `
<div>
  <button
    class="disabled:hover:bg-appPrimary focus:border-primary flex w-full max-w-[180px] items-center justify-center rounded-lg border-2 bg-white font-semibold text-textLight transition-colors hover:bg-hoverBgLight disabled:cursor-not-allowed disabled:bg-slate-300 disabled:opacity-60 px-4 py-2 text-base"
    tabindex="0"
  >
    clique
  </button>
</div>
`;
