// Jest Snapshot v1, https://goo.gl/fbAQLP

exports[`Testes para o componente <Button /> Teste de snapshot Deve manter o snapshot do Button 1`] = `
<div>
  <button
    class="flex w-full max-w-[180px] items-center justify-center rounded-lg border-2 bg-white px-4 py-2 font-semibold text-textLight transition-colors hover:bg-hoverBgLight focus:border-primary disabled:cursor-not-allowed disabled:bg-slate-300 disabled:opacity-60 dark:border-slate-700 dark:bg-slate-900 dark:text-textDark dark:hover:bg-hoverBgDark focus:dark:border-primary disabled:dark:opacity-60 disabled:dark:hover:bg-slate-900"
    tabindex="0"
  >
    clique
  </button>
</div>
`;
